// Jest Snapshot v1, https://goo.gl/fbAQLP

exports[`Sampleコンポーネント スナップショットテスト2 1`] = `
{
  "asFragment": [Function],
  "baseElement": <body>
    <div>
      <main>
        <h1>
          Nextjs+Jestのサンプルサプリ
        </h1>
        <p>
          設定がすごく楽になりました。
        </p>
        <p>
          スナップショット後に付け足されたよ
        </p>
        <a
          href="/jump-dst-direct"
        >
          ▶︎ 遷移先ページ（直接） へ遷移する
        </a>
      </main>
    </div>
  </body>,
  "container": <div>
    <main>
      <h1>
        Nextjs+Jestのサンプルサプリ
      </h1>
      <p>
        設定がすごく楽になりました。
      </p>
      <p>
        スナップショット後に付け足されたよ
      </p>
      <a
        href="/jump-dst-direct"
      >
        ▶︎ 遷移先ページ（直接） へ遷移する
      </a>
    </main>
  </div>,
  "debug": [Function],
  "findAllByAltText": [Function],
  "findAllByDisplayValue": [Function],
  "findAllByLabelText": [Function],
  "findAllByPlaceholderText": [Function],
  "findAllByRole": [Function],
  "findAllByTestId": [Function],
  "findAllByText": [Function],
  "findAllByTitle": [Function],
  "findByAltText": [Function],
  "findByDisplayValue": [Function],
  "findByLabelText": [Function],
  "findByPlaceholderText": [Function],
  "findByRole": [Function],
  "findByTestId": [Function],
  "findByText": [Function],
  "findByTitle": [Function],
  "getAllByAltText": [Function],
  "getAllByDisplayValue": [Function],
  "getAllByLabelText": [Function],
  "getAllByPlaceholderText": [Function],
  "getAllByRole": [Function],
  "getAllByTestId": [Function],
  "getAllByText": [Function],
  "getAllByTitle": [Function],
  "getByAltText": [Function],
  "getByDisplayValue": [Function],
  "getByLabelText": [Function],
  "getByPlaceholderText": [Function],
  "getByRole": [Function],
  "getByTestId": [Function],
  "getByText": [Function],
  "getByTitle": [Function],
  "queryAllByAltText": [Function],
  "queryAllByDisplayValue": [Function],
  "queryAllByLabelText": [Function],
  "queryAllByPlaceholderText": [Function],
  "queryAllByRole": [Function],
  "queryAllByTestId": [Function],
  "queryAllByText": [Function],
  "queryAllByTitle": [Function],
  "queryByAltText": [Function],
  "queryByDisplayValue": [Function],
  "queryByLabelText": [Function],
  "queryByPlaceholderText": [Function],
  "queryByRole": [Function],
  "queryByTestId": [Function],
  "queryByText": [Function],
  "queryByTitle": [Function],
  "rerender": [Function],
  "unmount": [Function],
}
`;
